// Jest Snapshot v1, https://goo.gl/fbAQLP

exports[`render Tabs normal drag tabs 1`] = `"<div><div><div class=\\"sc-bdVaJa hjajR\\"><div><div class=\\"sc-fjdhpX gAbfpE\\"><svg viewBox=\\"0 0 40 40\\" fill=\\"currentColor\\" height=\\"1em\\" width=\\"1em\\" style=\\"vertical-align: middle;\\"><g><path d=\\"m25.7 12.3l-7.7 7.7 7.7 7.7-2.3 2.3-10-10 10-10z\\"></path></g></svg></div><div class=\\"sc-fjdhpX gYthMW\\"><svg viewBox=\\"0 0 40 40\\" fill=\\"currentColor\\" height=\\"1em\\" width=\\"1em\\" style=\\"vertical-align: middle;\\"><g><path d=\\"m16.6 10l10 10-10 10-2.3-2.3 7.7-7.7-7.7-7.7z\\"></path></g></svg></div></div><div class=\\"sc-bwzfXH fvdpZL\\"><div class=\\"sc-htpNat ezotGS\\"><div class=\\"sc-EHOje NvgmN\\">DragTab1</div><div class=\\"sc-EHOje bxODLe\\">DragTab2</div></div></div></div></div><div><div class=\\"sc-bZQynM iTruvD\\">Content1</div></div></div>"`;

exports[`render Tabs normal tabs 1`] = `"<div><div><div class=\\"sc-bdVaJa hjajR\\"><div><div class=\\"sc-gZMcBi kGTUtH\\"><svg viewBox=\\"0 0 40 40\\" fill=\\"currentColor\\" height=\\"1em\\" width=\\"1em\\" style=\\"vertical-align: middle;\\"><g><path d=\\"m25.7 12.3l-7.7 7.7 7.7 7.7-2.3 2.3-10-10 10-10z\\"></path></g></svg></div><div class=\\"sc-gZMcBi fPUvwG\\"><svg viewBox=\\"0 0 40 40\\" fill=\\"currentColor\\" height=\\"1em\\" width=\\"1em\\" style=\\"vertical-align: middle;\\"><g><path d=\\"m16.6 10l10 10-10 10-2.3-2.3 7.7-7.7-7.7-7.7z\\"></path></g></svg></div></div><div class=\\"sc-bwzfXH fvdpZL\\"><div class=\\"sc-htpNat ezotGS\\"><div class=\\"sc-EHOje NvgmN\\">Tab1</div><div class=\\"sc-EHOje bxODLe\\">Tab2</div></div></div></div></div><div><div class=\\"sc-bZQynM iTruvD\\">Content1</div></div></div>"`;
